<?xml version="1.0" encoding="utf-8"?><testsuites><testsuite name="pytest" errors="0" failures="0" skipped="0" tests="4" time="92.487" timestamp="2025-01-22T02:07:09.535249" hostname="latam-challenge-mle"><testcase classname="tests.model.test_model.TestModel" name="test_model_fit" time="22.566" /><testcase classname="tests.model.test_model.TestModel" name="test_model_predict" time="23.188" /><testcase classname="tests.model.test_model.TestModel" name="test_model_preprocess_for_serving" time="22.886" /><testcase classname="tests.model.test_model.TestModel" name="test_model_preprocess_for_training" time="21.865" /></testsuite></testsuites>